UartCommunucation.hpp:112:2:UART_communucation_parameters_c::UART_communucation_parameters_c(UART_HandleTypeDef*, UART_HandleTypeDef*)	24	static
UartCommunucation.hpp:154:7:void UART_communucation_parameters_c::start_recieve_message_via_DMA()	16	static
UartCommunucation.hpp:167:7:void UART_communucation_parameters_c::parse_received_message()	24	static
UartCommunucation.hpp:308:7:void UART_communucation_parameters_c::execute_package()	32	static
UartCommunucation.hpp:348:7:void UART_communucation_parameters_c::calculate_check_sum(uint8_t*, uint8_t)	32	static
phiMainStart.cpp:21:5:int main()	8	static
phiMainStart.cpp:47:6:void SystemClock_Config()	216	static
phiMainStart.cpp:102:13:void MX_USART3_UART_Init()	8	static
phiMainStart.cpp:133:13:void MX_DMA_Init()	16	static
phiMainStart.cpp:156:13:void MX_UART4_Init()	8	static
phiMainStart.cpp:188:13:void MX_GPIO_Init()	56	static
phiMainStart.cpp:242:6:void Error_Handler()	4	static,ignoring_inline_asm
phiMainStart.cpp:249:1:void __static_initialization_and_destruction_0(int, int)	16	static
phiMainStart.cpp:249:1:cpp)	8	static
